// Vitest Snapshot v1, https://vitest.dev/guide/snapshot.html

exports[`KPI guided condition row (SC-2666 / I1 — Task 5) > form region markup snapshot (Item 4 dedup guard) 1`] = `"<div class="form-section"><div class="form-section-title">Basic Information</div><div class="form-grid"><label class="form-label">Name <span class="required">*</span></label><input placeholder="e.g. MyKpiName" class="form-input ng-untouched ng-pristine ng-valid"><label class="form-label">Label</label><input placeholder="Display name" class="form-input ng-untouched ng-pristine ng-valid"><label class="form-label">Description</label><textarea placeholder="What does this KPI measure?" class="form-input form-textarea ng-untouched ng-pristine ng-valid"></textarea><label class="form-label">Status</label><select class="form-input form-select ng-untouched ng-pristine ng-valid"><option value="Active">Active</option><option value="Inactive">Inactive</option></select></div></div>"`;
